2019-06-11 16:05:56,230:DEBUG:Pizza created: Sicilian ($18)
2019-06-11 16:05:56,231:DEBUG:Made 5 Sicilian pizza(s)
2019-06-11 16:05:56,231:DEBUG:Ate 4 pizza(s)
2019-06-11 16:05:56,231:DEBUG:Pizza created: quattro formaggi ($16)
2019-06-11 16:05:56,231:DEBUG:Made 2 quattro formaggi pizza(s)
2019-06-11 16:05:56,231:DEBUG:Ate 2 pizza(s)
